---
source: alpm-srcinfo/tests/correct.rs
expression: package_json
---
[
  {
    "name": "example",
    "description": null,
    "url": null,
    "licenses": [],
    "architecture": "X86_64",
    "changelog": null,
    "install": null,
    "groups": [],
    "options": [],
    "backups": [],
    "package_version": "0.1.0",
    "package_release": {
      "major": 1,
      "minor": null
    },
    "epoch": 1,
    "pgp_fingerprints": [],
    "dependencies": [],
    "optional_dependencies": [],
    "provides": [],
    "conflicts": [],
    "replaces": [],
    "check_dependencies": [],
    "make_dependencies": [],
    "sources": [],
    "no_extracts": []
  }
]
