---
source: alpm-srcinfo/tests/parse_errors.rs
description: "# Delimiter should have spaces.\npkgbase=test\n\tpkgver = 1.0.0\n\tpkgrel = 1\n"
expression: "format!(\"{error}\")"
---
File parsing error:
error: invalid delimiter
  | 
1 | # Delimiter should have spaces.
2 | pkgbase=test
  |        ^
3 |  pkgver = 1.0.0
  | 
  = while parsing:
    pkgbase section: (pkgbase=test)
    └ delimiter: (=test)
      → Expected an equal sign surrounded by spaces: ' = '.
