---
source: alpm-types/src/env.rs
---
error: invalid package release
 | 
 | foo-1:1.0.0-bar-any
 | ~~~~~~~~~~~~^ expected positive decimal integer
 | 
 = while parsing:
   installed package name: (foo-1:1.0.0-bar-any)
   → invalid package release
   → expected positive decimal integer, an alpm-package-version (full or full with epoch) followed by a `-` and an alpm-architecture
