---
source: alpm-types/src/openpgp.rs
---
Parser failed with the following error:
error: invalid Email address
 | 
 | Foobar McFooface <@mcfooface.org>
 |                   ^
 | 
 = while parsing:
   alpm packager: (Foobar McFooface <@m…)
   └ Email address: (@mcfooface.org>)
 = note: Local part is empty.
