---
source: alpm-types/src/system.rs
---
error: invalid character in system architecture
 | 
 | f oo
 |  ^ expected a string containing only ASCII alphanumeric characters and underscores.
 | 
 = while parsing:
   system architecture: ( oo)
   → invalid character in system architecture
   → expected a string containing only ASCII alphanumeric characters and underscores.
