---
source: alpm-types/src/url.rs
---
error: invalid or duplicate query parameter for detected VCS.
 | 
 | git+https://example/project#branch=feature?signed?signed
 | ~~~~~~~~~~~~~~~~~~~~~~~~~~~~~~~~~~~~~~~~~~~~~~~~~^
 | 
 = while parsing:
   source url: (git+https://example/…)
   → invalid or duplicate query parameter for detected VCS.
