---
source: alpm-types/src/url.rs
---
error: invalid bzr revision type
 | 
 | bzr+https://example/project#branch=feature
 | ~~~~~~~~~~~~~~~~~~~~~~~~~~~~^ expected revision keyword
 | 
 = while parsing:
   source url: (bzr+https://example/…)
   → invalid bzr revision type
   → expected revision keyword
