---
source: alpm-types/src/version/base.rs
---
error: invalid character
 | 
 | foo-1
 |    ^ expected an ASCII character, except for ':', '/', '-', '<', '>', '=', or any whitespace character
 | 
 = while parsing:
   alpm-pkgver: (-1)
   → invalid character
   → expected an ASCII character, except for ':', '/', '-', '<', '>', '=', or any whitespace character
