---
source: alpm-types/src/version/buildtool.rs
---
Parser failed with the following error:
error: invalid character
 | 
 | ß-1-any
 | ^ expected an ASCII character, except for ':', '/', '-', '<', '>', '=', or any whitespace characters
 | 
 = while parsing:
   buildtool version: (ß-1-any)
   │ → expected a minimal alpm-package-version, or a full alpm-package-version followed by a '-' and an alpm-architecture
   └ minimal alpm-package-version: (ß-1-any)
     └ alpm-pkgver: (ß-1-any)
       → invalid character
       → expected an ASCII character, except for ':', '/', '-', '<', '>', '=', or any whitespace characters
