---
source: alpm-types/src/version/pkg_full.rs
---
error: invalid character
 | 
 | -1foo:1
 | ^ expected an ASCII character, except for ':', '/', '-', '<', '>', '=', or any whitespace characters
 | 
 = while parsing:
   alpm-pkgver: (-1foo:1)
   → invalid character
   → expected an ASCII character, except for ':', '/', '-', '<', '>', '=', or any whitespace characters
