---
source: alpm-types/src/version/pkg_full.rs
---
error: invalid full alpm-package-version
 | 
 | 1:foo-1-1
 |        ^
 | 
 = while parsing:
   full alpm-package-version: (-1)
   → The package version must end with a valid package release.
     I.e. a positive integer followed by an optional `.` and another positive integer
