---
source: alpm-mtree/tests/validate.rs
description: A file is not a symlink
expression: "format!(\"{error}\")"
---
Errors occurred while comparing ALPM-MTREE data to paths in "[TEMP_FILE]":
The path "[TEMP_FILE]/foo/bar/baz/buh.txt" does not exist or is not a symlink, but the path "foo/bar/baz/buh.txt" in the ALPM-MTREE data requires it to be:
Invalid argument (os error 22).
