---
source: alpm-srcinfo/tests/lints.rs
description: "pkgbase = test\n\tpkgver = 1.0.0\n\tpkgrel = 1\n\tarch = any\n\tsource = https://domain.tld/testing/test.tar.gz\n\tdepends = glibc\n\npkgname = test\n\tdepends = llvm\n\t# Depends clears a property that has just been set.\n\tdepends =\n\npkgname = test_other\n\tdepends =\n\t# Any declaration in a package implicitly clears the default values,\n\t# so this isn't necessary\n\tdepends = llvm\n"
expression: error_msg
---
Errors while parsing SRCINFO data:

[0] Linter Warning on line 9:
    9: | 	depends = llvm

    This keyword is set and unset for this package. A keyword should either only be unset or overridden.

──────────────────────────────
[1] Linter Warning on line 17:
    17: | 	depends = llvm

    This keyword is set and unset for this package. A keyword should either only be unset or overridden.
