---
source: alpm-repo-db/tests/parse_errors.rs
description: "%FILES%\nusr/\nusr/bin/\n\nusr/bin/foo\n"
expression: error.to_string()
---
Parser failed with the following error:
error: invalid files section
  | 
5 | usr/bin/foo
  | ^
  | 
  = while parsing:
    files section: (%FILES%)
    → No further content is expected after an empty line
