---
source: alpm-types/tests/integration.rs
description: "-1.0.0-1-x86_64.pkg.tar.zst"
expression: "format!(\"{error}\")"
---
-1.0.0-1-x86_64.pkg.tar.zst
^
error: invalid first character of package name
 | 
 | -1.0.0-1-x86_64.pkg.tar.zst
 | ^ expected one of: ASCII alphanumeric character, `_`, `@`, `+`
 | 
 = while parsing:
   alpm-package filename: (-1.0.0-1-x86_64.pkg.…)
   └ alpm-package-name: (-1.0.0-1-x86_64.pkg.…)
     → invalid first character of package name
     → expected one of: ASCII alphanumeric character, `_`, `@`, `+`
