---
source: alpm-types/tests/integration.rs
description: example-pkg---x86_64.pkg.tar.zst
expression: "format!(\"{error}\")"
---
example-pkg---x86_64.pkg.tar.zst
            ^
error: invalid character
 | 
 | example-pkg---x86_64.pkg.tar.zst
 |             ^ expected an ASCII character, except for ':', '/', '-', '<', '>', '=', or any whitespace characters
 | 
 = while parsing:
   alpm-package filename: (example-pkg---x86_64…)
   └ full alpm-package-version: (--x86_64.pkg.tar.zst)
     └ alpm-pkgver: (--x86_64.pkg.tar.zst)
       → invalid character
       → expected an ASCII character, except for ':', '/', '-', '<', '>', '=', or any whitespace characters
