---
source: alpm-types/tests/integration.rs
description: example-1.0.0-1-x86_64.foo.zst
expression: "format!(\"{error}\")"
---
example-1.0.0-1-x86_64.foo.zst
                       ^
error: invalid alpm-package file type identifier
 | 
 | example-1.0.0-1-x86_64.foo.zst
 | ~~~~~~~~~~~~~~~~~~~~~~~^ expected `pkg`
 | 
 = while parsing:
   alpm-package filename: (example-1.0.0-1-x86_…)
   → invalid alpm-package file type identifier
   → expected `pkg`
