---
source: alpm-types/tests/integration.rs
description: example-pkg-1.0.0-1.pkg.tar.zst
expression: "format!(\"{error}\")"
---
example-pkg-1.0.0-1.pkg.tar.zst
               ^
error: invalid full alpm-package-version
 | 
 | example-pkg-1.0.0-1.pkg.tar.zst
 |                ^ expected the package version to end with a valid package release
 | 
 = while parsing:
   alpm-package filename: (example-pkg-1.0.0-1.…)
   └ full alpm-package-version: (.0-1.pkg.tar.zst)
     → expected the package version to end with a valid package release, i.e. a positive integer followed by an optional `.` and another positive integer
