---
source: alpm-db/tests/parse_errors.rs
description: "foo\nbar\nbaz\n"
expression: error
---
Parser failed with the following error:
error: invalid section header
  | 
1 | foo
  | ^ expected one of: 'NAME', 'VERSION', 'BASE', 'DESC', 'URL', 'ARCH', 'BUILDDATE', 'INSTALLDATE', 'PACKAGER', 'SIZE', 'GROUPS', 'REASON', 'LICENSE', 'VALIDATION', 'REPLACES', 'DEPENDS', 'OPTDEPENDS', 'CONFLICTS', 'PROVIDES', 'XDATA'
2 | bar
  | 
  = while parsing:
    alpm-repo-desc file value section: (foo)
    └ section header: (foo)
      → expected a valid section name that is enclosed in `%` characters.
      → expected one of: 'NAME', 'VERSION', 'BASE', 'DESC', 'URL', 'ARCH', 'BUILDDATE', 'INSTALLDATE', 'PACKAGER', 'SIZE', 'GROUPS', 'REASON', 'LICENSE', 'VALIDATION', 'REPLACES', 'DEPENDS', 'OPTDEPENDS', 'CONFLICTS', 'PROVIDES', 'XDATA'
