---
source: alpm-db/tests/parse_errors.rs
description: "%NAME\nfoo\n\n%VERSION%\n1.0.0-1\n"
expression: error
---
Parser failed with the following error:
error: invalid section header
  | 
1 | %NAME
  | ^ expected one of: 'NAME', 'VERSION', 'BASE', 'DESC', 'URL', 'ARCH', 'BUILDDATE', 'INSTALLDATE', 'PACKAGER', 'SIZE', 'GROUPS', 'REASON', 'LICENSE', 'VALIDATION', 'REPLACES', 'DEPENDS', 'OPTDEPENDS', 'CONFLICTS', 'PROVIDES', 'XDATA'
2 | foo
  | 
  = while parsing:
    alpm-repo-desc file value section: (%NAME)
    └ section header: (%NAME)
      → expected a valid section name that is enclosed in `%` characters.
      → expected one of: 'NAME', 'VERSION', 'BASE', 'DESC', 'URL', 'ARCH', 'BUILDDATE', 'INSTALLDATE', 'PACKAGER', 'SIZE', 'GROUPS', 'REASON', 'LICENSE', 'VALIDATION', 'REPLACES', 'DEPENDS', 'OPTDEPENDS', 'CONFLICTS', 'PROVIDES', 'XDATA'
  = an error occurred: Matching variant not found
